











































































```







+&)*



`8`







8






``






8









``












$ %*


``



















``















































8














































8





8






































































`












8














N
















`




Y









``


YYYYYYYYYYYYYYYY



























YYYYYYYYYYYYYYYYY




















YYYY8YYYYYYYYYYY



























++ )*+0&)





N




















YYYYYYYY2YYYYYYY






























YYYY2YYYY


































)$&,)0



























J





8YYYYYYYY


































YYYYYYYYY











YYYYYYYYYY



YYYYYYYYYYYYYY














YYYYYYYYY



YYYYYYYYYYYYYYYK

YYYYYYYYY


YYYYYYYYYYYYYY










.'&%*


 #,% 






O
8

YYYY2YYYY


YYYYYY2YYYYYYY






































































