











































































```







+&)*



`8`







8






``






8









``












$ %*


``



















``















































8














































8





8






































































`












8














N
















`














``



















































8



























++ )*+0&)





N




















2






























2


































)$&,)0



























J





8





































































K















.'&%*


 #,% 






O
8

2


2






































































