










:


27

)&&,*
5		:	F$) %YN6YF						2YYYYYYYYYYYYYY		YF		Y	R	Y
		Y


						Y


7

.+)*




Y

YYYYYYYYYYYYYYYYYYYYYYYYYYYYYYYYYYYYYYYYYYYYYYYYYYYYYYYYYYYYYYYYYYYYYYYYYYYYYYYYYYYYYYYYYYYYYY	JYKYO	6													 *)*)$**&''222$)"+					

			









	



























