










:


27

)&&,*
5		:	F$) %N6F						2		F			R	
		


						


7

.+)*






	JKO	6													 *)*)$**&''222$)"+					

			









	



























